  console.log
    [Memory] Start processJob: 386.44 MB

      at ReelOrchestrator.logMemoryUsage (src/application/ReelOrchestrator.ts:61:17)

  console.log
    [job-animated-123] transcribing: Transcribing voice note...

      at ReelOrchestrator.updateJobStatus (src/application/ReelOrchestrator.ts:616:17)

  console.log
    [Memory] Step 1: Transcription: 387.38 MB

      at ReelOrchestrator.logMemoryUsage (src/application/ReelOrchestrator.ts:61:17)

  console.log
    [job-animated-123] TRANSCRIPT: "Test transcription requiring animation"

      at ReelOrchestrator.processJob (src/application/ReelOrchestrator.ts:93:21)

  console.log
    [job-animated-123] detecting_intent: Analyzing request for animation...

      at ReelOrchestrator.updateJobStatus (src/application/ReelOrchestrator.ts:616:17)

  console.log
    [job-animated-123] Reel Mode: ANIMATED VIDEO

      at ReelOrchestrator.processJob (src/application/ReelOrchestrator.ts:120:25)

  console.log
    [job-animated-123] planning: Planning reel structure...

      at ReelOrchestrator.updateJobStatus (src/application/ReelOrchestrator.ts:616:17)

  console.log
    [job-animated-123] Planning reel with range: 30s - 60s

      at ReelOrchestrator.processJob (src/application/ReelOrchestrator.ts:134:21)

  console.log
    [job-animated-123] LLM Plan: target=45s, segments=3

      at ReelOrchestrator.processJob (src/application/ReelOrchestrator.ts:142:21)

  console.log
    [Memory] Step 2: Planning: 387.48 MB

      at ReelOrchestrator.logMemoryUsage (src/application/ReelOrchestrator.ts:61:17)

  console.log
    [job-animated-123] generating_commentary: Writing commentary...

      at ReelOrchestrator.updateJobStatus (src/application/ReelOrchestrator.ts:616:17)

  console.log
    [job-animated-123] synthesizing_voiceover: Creating voiceover...

      at ReelOrchestrator.updateJobStatus (src/application/ReelOrchestrator.ts:616:17)

  console.log
    [TTS] Attempting synthesis with primary client (Fish Audio)...

      at ReelOrchestrator.synthesizeWithAdjustment (src/application/ReelOrchestrator.ts:438:21)

  console.log
    [job-animated-123] Voiceover generated: duration=45s

      at ReelOrchestrator.processJob (src/application/ReelOrchestrator.ts:187:25)

  console.log
    [Memory] Steps 3-5: Content & Voiceover: 387.55 MB

      at ReelOrchestrator.logMemoryUsage (src/application/ReelOrchestrator.ts:61:17)

  console.log
    [job-animated-123] selecting_music: Finding background music...

      at ReelOrchestrator.updateJobStatus (src/application/ReelOrchestrator.ts:616:17)

  console.log
    [Memory] Step 6: Music: 387.55 MB

      at ReelOrchestrator.logMemoryUsage (src/application/ReelOrchestrator.ts:61:17)

  console.log
    [job-animated-123] generating_animated_video: Generating animated video...

      at ReelOrchestrator.updateJobStatus (src/application/ReelOrchestrator.ts:616:17)

  console.log
    [job-animated-123] Persisting animated video to Cloudinary...

      at ReelOrchestrator.processJob (src/application/ReelOrchestrator.ts:250:37)

  console.log
    [job-animated-123] Persisted to: https://cloudinary.com/persisted_anim.mp4

      at ReelOrchestrator.processJob (src/application/ReelOrchestrator.ts:256:37)

  console.log
    [job-animated-123] Animated video generated: https://cloudinary.com/persisted_anim.mp4

      at ReelOrchestrator.processJob (src/application/ReelOrchestrator.ts:266:29)

  console.log
    [job-animated-123] generating_subtitles: Creating subtitles...

      at ReelOrchestrator.updateJobStatus (src/application/ReelOrchestrator.ts:616:17)

  console.log
    [Memory] Step 8: Subtitles: 387.56 MB

      at ReelOrchestrator.logMemoryUsage (src/application/ReelOrchestrator.ts:61:17)

  console.log
    [job-animated-123] building_manifest: Preparing render manifest...

      at ReelOrchestrator.updateJobStatus (src/application/ReelOrchestrator.ts:616:17)

  console.log
    [job-animated-123] rendering: Rendering final video...

      at ReelOrchestrator.updateJobStatus (src/application/ReelOrchestrator.ts:616:17)

  console.log
    [Memory] Starting Step 10: Rendering: 387.56 MB

      at ReelOrchestrator.logMemoryUsage (src/application/ReelOrchestrator.ts:61:17)

  console.log
    [Memory] Step 10: Finished Rendering: 387.56 MB

      at ReelOrchestrator.logMemoryUsage (src/application/ReelOrchestrator.ts:61:17)

  console.log
    [job-animated-123] uploading: Uploading to permanent storage...

      at ReelOrchestrator.updateJobStatus (src/application/ReelOrchestrator.ts:616:17)

  console.log
    [job-animated-123] Uploading final video to Cloudinary for permanent storage...

      at ReelOrchestrator.processJob (src/application/ReelOrchestrator.ts:320:29)

  console.log
    [job-animated-123] Video uploaded successfully: https://cloudinary.com/persisted_anim.mp4

      at ReelOrchestrator.processJob (src/application/ReelOrchestrator.ts:327:29)

  console.log
    [job-animated-123] Waiting 5s for final video propagation...

      at ReelOrchestrator.processJob (src/application/ReelOrchestrator.ts:331:29)

  console.log
    [Memory] Start processJob: 404.05 MB

      at ReelOrchestrator.logMemoryUsage (src/application/ReelOrchestrator.ts:61:17)

  console.log
    [job-animated-123] transcribing: Transcribing voice note...

      at ReelOrchestrator.updateJobStatus (src/application/ReelOrchestrator.ts:616:17)

  console.log
    [Memory] Step 1: Transcription: 404.06 MB

      at ReelOrchestrator.logMemoryUsage (src/application/ReelOrchestrator.ts:61:17)

  console.log
    [job-animated-123] TRANSCRIPT: "Test transcription requiring animation"

      at ReelOrchestrator.processJob (src/application/ReelOrchestrator.ts:93:21)

  console.log
    [job-animated-123] detecting_intent: Analyzing request for animation...

      at ReelOrchestrator.updateJobStatus (src/application/ReelOrchestrator.ts:616:17)

  console.log
    [job-animated-123] Reel Mode: IMAGES

      at ReelOrchestrator.processJob (src/application/ReelOrchestrator.ts:120:25)

  console.log
    [job-animated-123] planning: Planning reel structure...

      at ReelOrchestrator.updateJobStatus (src/application/ReelOrchestrator.ts:616:17)

  console.log
    [job-animated-123] Planning reel with range: 30s - 60s

      at ReelOrchestrator.processJob (src/application/ReelOrchestrator.ts:134:21)

  console.log
    [job-animated-123] LLM Plan: target=45s, segments=3

      at ReelOrchestrator.processJob (src/application/ReelOrchestrator.ts:142:21)

  console.log
    [Memory] Step 2: Planning: 404.09 MB

      at ReelOrchestrator.logMemoryUsage (src/application/ReelOrchestrator.ts:61:17)

  console.log
    [job-animated-123] generating_commentary: Writing commentary...

      at ReelOrchestrator.updateJobStatus (src/application/ReelOrchestrator.ts:616:17)

  console.log
    [job-animated-123] synthesizing_voiceover: Creating voiceover...

      at ReelOrchestrator.updateJobStatus (src/application/ReelOrchestrator.ts:616:17)

  console.log
    [TTS] Attempting synthesis with primary client (Fish Audio)...

      at ReelOrchestrator.synthesizeWithAdjustment (src/application/ReelOrchestrator.ts:438:21)

  console.log
    [job-animated-123] Voiceover generated: duration=45s

      at ReelOrchestrator.processJob (src/application/ReelOrchestrator.ts:187:25)

  console.log
    [Memory] Steps 3-5: Content & Voiceover: 404.09 MB

      at ReelOrchestrator.logMemoryUsage (src/application/ReelOrchestrator.ts:61:17)

  console.log
    [job-animated-123] selecting_music: Finding background music...

      at ReelOrchestrator.updateJobStatus (src/application/ReelOrchestrator.ts:616:17)

  console.log
    [Memory] Step 6: Music: 404.11 MB

      at ReelOrchestrator.logMemoryUsage (src/application/ReelOrchestrator.ts:61:17)

  console.log
    [job-animated-123] generating_images: Creating visuals...

      at ReelOrchestrator.updateJobStatus (src/application/ReelOrchestrator.ts:616:17)

  console.log
    Generating images for 3 segments...

      at ReelOrchestrator.generateImages (src/application/ReelOrchestrator.ts:523:17)

  console.log
    [job-animated-123] generating_images: Creating visual 1 of 3...

      at ReelOrchestrator.updateJobStatus (src/application/ReelOrchestrator.ts:616:17)

  console.log
    [job-animated-123] generating_images: Creating visual 2 of 3...

      at ReelOrchestrator.updateJobStatus (src/application/ReelOrchestrator.ts:616:17)

  console.log
    [job-animated-123] generating_images: Creating visual 3 of 3...

      at ReelOrchestrator.updateJobStatus (src/application/ReelOrchestrator.ts:616:17)

  console.log
    Waiting 2s for asset propagation...

      at ReelOrchestrator.generateImages (src/application/ReelOrchestrator.ts:580:21)

  console.log
    [Memory] Step 7: Images: 404.28 MB

      at ReelOrchestrator.logMemoryUsage (src/application/ReelOrchestrator.ts:61:17)

  console.log
    [job-animated-123] generating_subtitles: Creating subtitles...

      at ReelOrchestrator.updateJobStatus (src/application/ReelOrchestrator.ts:616:17)

  console.log
    [Memory] Step 8: Subtitles: 404.28 MB

      at ReelOrchestrator.logMemoryUsage (src/application/ReelOrchestrator.ts:61:17)

  console.log
    [job-animated-123] building_manifest: Preparing render manifest...

      at ReelOrchestrator.updateJobStatus (src/application/ReelOrchestrator.ts:616:17)

  console.log
    [job-animated-123] rendering: Rendering final video...

      at ReelOrchestrator.updateJobStatus (src/application/ReelOrchestrator.ts:616:17)

  console.log
    [Memory] Starting Step 10: Rendering: 404.28 MB

      at ReelOrchestrator.logMemoryUsage (src/application/ReelOrchestrator.ts:61:17)

  console.log
    [Memory] Step 10: Finished Rendering: 404.3 MB

      at ReelOrchestrator.logMemoryUsage (src/application/ReelOrchestrator.ts:61:17)

  console.log
    [job-animated-123] uploading: Uploading to permanent storage...

      at ReelOrchestrator.updateJobStatus (src/application/ReelOrchestrator.ts:616:17)

  console.log
    [job-animated-123] Uploading final video to Cloudinary for permanent storage...

      at ReelOrchestrator.processJob (src/application/ReelOrchestrator.ts:320:29)

  console.log
    [job-animated-123] Video uploaded successfully: https://cloudinary.com/persisted_anim.mp4

      at ReelOrchestrator.processJob (src/application/ReelOrchestrator.ts:327:29)

  console.log
    [job-animated-123] Waiting 5s for final video propagation...

      at ReelOrchestrator.processJob (src/application/ReelOrchestrator.ts:331:29)

  console.log
    [Memory] Start processJob: 290.95 MB

      at ReelOrchestrator.logMemoryUsage (src/application/ReelOrchestrator.ts:61:17)

  console.log
    [job-animated-123] transcribing: Transcribing voice note...

      at ReelOrchestrator.updateJobStatus (src/application/ReelOrchestrator.ts:616:17)

  console.log
    [Memory] Step 1: Transcription: 290.97 MB

      at ReelOrchestrator.logMemoryUsage (src/application/ReelOrchestrator.ts:61:17)

  console.log
    [job-animated-123] TRANSCRIPT: "Test transcription requiring animation"

      at ReelOrchestrator.processJob (src/application/ReelOrchestrator.ts:93:21)

  console.log
    [job-animated-123] detecting_intent: Analyzing request for animation...

      at ReelOrchestrator.updateJobStatus (src/application/ReelOrchestrator.ts:616:17)

  console.log
    [job-animated-123] Reel Mode: ANIMATED VIDEO

      at ReelOrchestrator.processJob (src/application/ReelOrchestrator.ts:120:25)

  console.log
    [job-animated-123] planning: Planning reel structure...

      at ReelOrchestrator.updateJobStatus (src/application/ReelOrchestrator.ts:616:17)

  console.log
    [job-animated-123] Planning reel with range: 30s - 60s

      at ReelOrchestrator.processJob (src/application/ReelOrchestrator.ts:134:21)

  console.log
    [job-animated-123] LLM Plan: target=45s, segments=3

      at ReelOrchestrator.processJob (src/application/ReelOrchestrator.ts:142:21)

  console.log
    [Memory] Step 2: Planning: 291.38 MB

      at ReelOrchestrator.logMemoryUsage (src/application/ReelOrchestrator.ts:61:17)

  console.log
    [job-animated-123] generating_commentary: Writing commentary...

      at ReelOrchestrator.updateJobStatus (src/application/ReelOrchestrator.ts:616:17)

  console.log
    [job-animated-123] synthesizing_voiceover: Creating voiceover...

      at ReelOrchestrator.updateJobStatus (src/application/ReelOrchestrator.ts:616:17)

  console.log
    [TTS] Attempting synthesis with primary client (Fish Audio)...

      at ReelOrchestrator.synthesizeWithAdjustment (src/application/ReelOrchestrator.ts:438:21)

  console.log
    [job-animated-123] Voiceover generated: duration=45s

      at ReelOrchestrator.processJob (src/application/ReelOrchestrator.ts:187:25)

  console.log
    [Memory] Steps 3-5: Content & Voiceover: 291.75 MB

      at ReelOrchestrator.logMemoryUsage (src/application/ReelOrchestrator.ts:61:17)

  console.log
    [job-animated-123] selecting_music: Finding background music...

      at ReelOrchestrator.updateJobStatus (src/application/ReelOrchestrator.ts:616:17)

  console.log
    [Memory] Step 6: Music: 291.89 MB

      at ReelOrchestrator.logMemoryUsage (src/application/ReelOrchestrator.ts:61:17)

  console.log
    [job-animated-123] generating_images: Creating visuals...

      at ReelOrchestrator.updateJobStatus (src/application/ReelOrchestrator.ts:616:17)

  console.log
    Generating images for 3 segments...

      at ReelOrchestrator.generateImages (src/application/ReelOrchestrator.ts:523:17)

  console.log
    [job-animated-123] generating_images: Creating visual 1 of 3...

      at ReelOrchestrator.updateJobStatus (src/application/ReelOrchestrator.ts:616:17)

  console.log
    [job-animated-123] generating_images: Creating visual 2 of 3...

      at ReelOrchestrator.updateJobStatus (src/application/ReelOrchestrator.ts:616:17)

  console.log
    [job-animated-123] generating_images: Creating visual 3 of 3...

      at ReelOrchestrator.updateJobStatus (src/application/ReelOrchestrator.ts:616:17)

  console.log
    Waiting 2s for asset propagation...

      at ReelOrchestrator.generateImages (src/application/ReelOrchestrator.ts:580:21)

  console.log
    [Memory] Step 7: Images: 292.44 MB

      at ReelOrchestrator.logMemoryUsage (src/application/ReelOrchestrator.ts:61:17)

  console.log
    [job-animated-123] generating_subtitles: Creating subtitles...

      at ReelOrchestrator.updateJobStatus (src/application/ReelOrchestrator.ts:616:17)

  console.log
    [Memory] Step 8: Subtitles: 292.44 MB

      at ReelOrchestrator.logMemoryUsage (src/application/ReelOrchestrator.ts:61:17)

  console.log
    [job-animated-123] building_manifest: Preparing render manifest...

      at ReelOrchestrator.updateJobStatus (src/application/ReelOrchestrator.ts:616:17)

  console.log
    [job-animated-123] rendering: Rendering final video...

      at ReelOrchestrator.updateJobStatus (src/application/ReelOrchestrator.ts:616:17)

  console.log
    [Memory] Starting Step 10: Rendering: 292.44 MB

      at ReelOrchestrator.logMemoryUsage (src/application/ReelOrchestrator.ts:61:17)

  console.log
    [Memory] Step 10: Finished Rendering: 292.44 MB

      at ReelOrchestrator.logMemoryUsage (src/application/ReelOrchestrator.ts:61:17)

  console.log
    [job-animated-123] uploading: Uploading to permanent storage...

      at ReelOrchestrator.updateJobStatus (src/application/ReelOrchestrator.ts:616:17)

  console.log
    [job-animated-123] Uploading final video to Cloudinary for permanent storage...

      at ReelOrchestrator.processJob (src/application/ReelOrchestrator.ts:320:29)

  console.log
    [job-animated-123] Video uploaded successfully: https://cloudinary.com/persisted_anim.mp4

      at ReelOrchestrator.processJob (src/application/ReelOrchestrator.ts:327:29)

  console.log
    [job-animated-123] Waiting 5s for final video propagation...

      at ReelOrchestrator.processJob (src/application/ReelOrchestrator.ts:331:29)

